\BOOKMARK [1][-]{section.1}{\376\377\000I\000n\000t\000r\000o\000d\000u\000c\000t\000i\000o\000n}{}% 1
\BOOKMARK [1][-]{section.2}{\376\377\000R\000e\000s\000u\000l\000t\000s}{}% 2
\BOOKMARK [2][-]{subsection.2.1}{\376\377\000S\000i\000m\000u\000l\000a\000t\000i\000n\000g\000\040\000r\000e\000g\000u\000l\000a\000t\000o\000r\000y\000\040\000n\000o\000i\000s\000e\000\040\000i\000n\000\040\000G\000R\000N\000\040\000m\000o\000t\000i\000f\000s\000\040\000u\000n\000d\000e\000r\000l\000y\000i\000n\000g\000\040\000c\000e\000l\000l\000-\000f\000a\000t\000e\000\040\000d\000e\000c\000i\000s\000i\000o\000n}{section.2}% 3
\BOOKMARK [2][-]{subsection.2.2}{\376\377\000H\000i\000g\000h\000\040\000l\000e\000v\000e\000l\000s\000\040\000o\000f\000\040\000s\000t\000a\000t\000i\000o\000n\000a\000r\000y\000\040\000n\000o\000i\000s\000e\000\040\000p\000u\000s\000h\000e\000s\000\040\000t\000h\000e\000\040\000s\000y\000s\000t\000e\000m\000\040\000t\000o\000w\000a\000r\000d\000s\000\040\000h\000y\000b\000r\000i\000d\000\040\000s\000t\000a\000t\000e\000s}{section.2}% 4
\BOOKMARK [2][-]{subsection.2.3}{\376\377\000A\000d\000d\000i\000t\000i\000v\000e\000\040\000n\000o\000i\000s\000e\000\040\000r\000e\000s\000h\000a\000p\000e\000s\000\040\000t\000h\000e\000\040\000p\000h\000e\000n\000o\000t\000y\000p\000i\000c\000\040\000l\000a\000n\000d\000s\000c\000a\000p\000e\000\040\000t\000o\000w\000a\000r\000d\000\040\000h\000i\000g\000h\000-\000e\000x\000p\000r\000e\000s\000s\000i\000o\000n\000\040\000s\000t\000a\000t\000e\000s\000,\000\040\000m\000o\000d\000u\000l\000a\000t\000e\000d\000\040\000b\000y\000\040\000r\000e\000a\000c\000h\000a\000b\000i\000l\000i\000t\000y\000\040\000a\000n\000d\000\040\000t\000h\000r\000e\000s\000h\000o\000l\000d\000\040\000m\000a\000r\000g\000i\000n}{section.2}% 5
\BOOKMARK [2][-]{subsection.2.4}{\376\377\000I\000n\000c\000r\000e\000a\000s\000e\000d\000\040\000M\000R\000T\000\040\000o\000f\000\040\000a\000l\000l\000-\000h\000i\000g\000h\000\040\000s\000t\000a\000t\000e\000s\000\040\000i\000s\000\040\000c\000a\000u\000s\000e\000d\000\040\000b\000y\000\040\000b\000o\000t\000h\000\040\000t\000h\000e\000\040\000\040\000d\000i\000s\000t\000r\000i\000b\000u\000t\000i\000o\000n\000\040\000a\000n\000d\000\040\000s\000t\000o\000c\000h\000a\000s\000t\000i\000c\000i\000t\000y}{section.2}% 6
\BOOKMARK [2][-]{subsection.2.5}{\376\377\000M\000u\000l\000t\000i\000p\000l\000i\000c\000a\000t\000i\000v\000e\000\040\000n\000o\000i\000s\000e\000\040\000d\000r\000i\000v\000e\000s\000\040\000t\000h\000e\000\040\000p\000h\000e\000n\000o\000t\000y\000p\000i\000c\000\040\000l\000a\000n\000d\000s\000c\000a\000p\000e\000\040\000t\000o\000w\000a\000r\000d\000\040\000s\000i\000n\000g\000l\000e\000-\000h\000i\000g\000h\000\040\000s\000t\000a\000t\000e\000s\000\040\000-\000\040\000a\000n\000\040\000o\000p\000p\000o\000s\000i\000t\000e\000\040\000e\000f\000f\000e\000c\000t\000\040\000a\000s\000\040\000t\000h\000a\000t\000\040\000o\000f\000\040\000a\000d\000d\000i\000t\000i\000v\000e\000\040\000n\000o\000i\000s\000e}{section.2}% 7
\BOOKMARK [2][-]{subsection.2.6}{\376\377\000M\000u\000l\000t\000i\000s\000t\000a\000b\000l\000e\000\040\000d\000o\000u\000b\000l\000e\000-\000h\000i\000g\000h\000\040\000s\000t\000a\000t\000e\000s\000\040\000r\000e\000s\000o\000l\000v\000e\000\040\000t\000o\000w\000a\000r\000d\000\040\000t\000h\000e\000i\000r\000\040\000n\000e\000a\000r\000e\000s\000t\000\040\000s\000i\000n\000g\000l\000e\000-\000h\000i\000g\000h\000\040\000f\000a\000t\000e\000,\000\040\000a\000n\000d\000\040\000t\000h\000i\000s\000\040\000g\000e\000n\000e\000r\000a\000l\000i\000z\000e\000s\000\040\000a\000c\000r\000o\000s\000s\000\040\000n\000e\000t\000w\000o\000r\000k\000s}{section.2}% 8
\BOOKMARK [2][-]{subsection.2.7}{\376\377\000E\000f\000f\000e\000c\000t\000s\000\040\000o\000f\000\040\000r\000e\000g\000u\000l\000a\000t\000o\000r\000y\000\040\000n\000o\000i\000s\000e\000\040\000o\000n\000\040\000t\000h\000e\000\040\000p\000h\000e\000n\000o\000t\000y\000p\000i\000c\000\040\000l\000a\000n\000d\000s\000c\000a\000p\000e\000\040\000s\000c\000a\000l\000e\000\040\000t\000o\000\040\000l\000a\000r\000g\000e\000r\000\040\000b\000i\000o\000l\000o\000g\000i\000c\000a\000l\000\040\000n\000e\000t\000w\000o\000r\000k\000s}{section.2}% 9
\BOOKMARK [1][-]{section.3}{\376\377\000D\000i\000s\000c\000u\000s\000s\000i\000o\000n}{}% 10
\BOOKMARK [1][-]{section.4}{\376\377\000M\000e\000t\000h\000o\000d\000s}{}% 11
\BOOKMARK [2][-]{subsection.4.1}{\376\377\000N\000e\000t\000w\000o\000r\000k\000\040\000m\000o\000d\000e\000l\000s\000\040\000a\000n\000d\000\040\000R\000A\000C\000I\000P\000E\000\040\000e\000n\000s\000e\000m\000b\000l\000e\000\040\000g\000e\000n\000e\000r\000a\000t\000i\000o\000n}{section.4}% 12
\BOOKMARK [2][-]{subsection.4.2}{\376\377\000R\000e\000g\000u\000l\000a\000t\000o\000r\000y\000\040\000n\000o\000i\000s\000e\000\040\000m\000o\000d\000e\000l}{section.4}% 13
\BOOKMARK [2][-]{subsection.4.3}{\376\377\000S\000t\000o\000c\000h\000a\000s\000t\000i\000c\000\040\000s\000i\000m\000u\000l\000a\000t\000i\000o\000n\000\040\000a\000n\000d\000\040\000m\000e\000a\000n\000\040\000r\000e\000s\000i\000d\000e\000n\000c\000e\000\040\000t\000i\000m\000e}{section.4}% 14
\BOOKMARK [2][-]{subsection.4.4}{\376\377\000D\000e\000t\000e\000r\000m\000i\000n\000i\000s\000t\000i\000c\000\040\000-\000r\000e\000s\000a\000m\000p\000l\000i\000n\000g\000\040\000c\000o\000m\000p\000a\000r\000i\000s\000o\000n}{section.4}% 15
\BOOKMARK [2][-]{subsection.4.5}{\376\377\000B\000o\000o\000l\000e\000a\000n\000\040\000s\000i\000m\000u\000l\000a\000t\000i\000o\000n\000s\000\040\000o\000f\000\040\000l\000a\000r\000g\000e\000\040\000c\000e\000l\000l\000-\000f\000a\000t\000e\000\040\000n\000e\000t\000w\000o\000r\000k\000s}{section.4}% 16
\BOOKMARK [2][-]{subsection.4.6}{\376\377\000L\000a\000r\000g\000e\000\040\000n\000e\000t\000w\000o\000r\000k\000\040\000m\000e\000t\000r\000i\000c\000s}{section.4}% 17
\BOOKMARK [3][-]{subsubsection.4.6.1}{\376\377\000I\000n\000f\000l\000u\000e\000n\000c\000e\000\040\000m\000a\000t\000r\000i\000x}{subsection.4.6}% 18
\BOOKMARK [3][-]{subsubsection.4.6.2}{\376\377\000T\000e\000a\000m\000s}{subsection.4.6}% 19
\BOOKMARK [2][-]{subsection.4.7}{\376\377\000S\000t\000o\000c\000h\000a\000s\000t\000i\000c\000\040\000s\000i\000m\000u\000l\000a\000t\000i\000o\000n\000\040\000o\000f\000\040\000l\000a\000r\000g\000e\000\040\000n\000e\000t\000w\000o\000r\000k\000s}{section.4}% 20
\BOOKMARK [3][-]{subsubsection.4.7.1}{\376\377\000I\000n\000d\000u\000c\000i\000n\000g\000\040\000n\000o\000i\000s\000e}{subsection.4.7}% 21
\BOOKMARK [3][-]{subsubsection.4.7.2}{\376\377\000M\000e\000t\000h\000o\000d\000\040\000o\000f\000\040\000s\000t\000a\000t\000e\000\040\000u\000p\000d\000a\000t\000e}{subsection.4.7}% 22
\BOOKMARK [3][-]{subsubsection.4.7.3}{\376\377\000I\000n\000i\000t\000i\000a\000l\000\040\000c\000o\000n\000d\000i\000t\000i\000o\000n\000s}{subsection.4.7}% 23
\BOOKMARK [1][-]{section.5}{\376\377\000A\000c\000k\000n\000o\000w\000l\000e\000d\000g\000m\000e\000n\000t\000s}{}% 24
\BOOKMARK [1][-]{section.6}{\376\377\000D\000a\000t\000a\000\040\000A\000v\000a\000i\000l\000a\000b\000i\000l\000i\000t\000y}{}% 25
\BOOKMARK [1][-]{section.1}{\376\377\000D\000e\000r\000i\000v\000a\000t\000i\000o\000n\000\040\000o\000f\000\040\000t\000h\000e\000\040\000s\000h\000i\000f\000t\000e\000d\000\040\000H\000i\000l\000l\000\040\000f\000u\000n\000c\000t\000i\000o\000n\000s}{}% 26
\BOOKMARK [2][-]{subsection.1.1}{\376\377\000A\000s\000s\000u\000m\000p\000t\000i\000o\000n\000s}{section.1}% 27
\BOOKMARK [2][-]{subsection.1.2}{\376\377\000S\000i\000n\000g\000l\000e\000-\000r\000e\000g\000u\000l\000a\000t\000o\000r\000\040\000m\000o\000d\000e\000l}{section.1}% 28
\BOOKMARK [1][-]{section.2}{\376\377\000A\000\040\000B\000o\000o\000l\000e\000a\000n\000\040\000l\000i\000m\000i\000t\000\040\000e\000x\000p\000l\000a\000i\000n\000s\000\040\000t\000h\000e\000\040\000n\000o\000i\000s\000e\000-\000d\000r\000i\000v\000e\000n\000\040\000e\000n\000h\000a\000n\000c\000e\000m\000e\000n\000t\000\040\000o\000f\000\040\000t\000h\000e\000\040\000d\000o\000u\000b\000l\000e\000-\000p\000o\000s\000i\000t\000i\000v\000e\000\040\000s\000t\000a\000t\000e}{}% 29
\BOOKMARK [2][-]{subsection.2.1}{\376\377\000T\000h\000e\000\040\000t\000w\000o\000\040\000\040\000e\000x\000t\000r\000e\000m\000e\000s\000\040\000a\000r\000e\000\040\000n\000o\000t\000\040\000s\000y\000m\000m\000e\000t\000r\000i\000c}{section.2}% 30
\BOOKMARK [2][-]{subsection.2.2}{\376\377\000B\000o\000o\000l\000e\000a\000n\000\040\000r\000e\000d\000u\000c\000t\000i\000o\000n}{section.2}% 31
\BOOKMARK [2][-]{subsection.2.3}{\376\377\000D\000e\000t\000e\000r\000m\000i\000n\000i\000s\000t\000i\000c\000\040\000c\000a\000s\000e\000\040\000\050\000=\0001\000,\000\040\000\040\000d\000r\000a\000w\000n\000\040\000o\000n\000c\000e\000\040\000a\000n\000d\000\040\000h\000e\000l\000d\000\040\000f\000i\000x\000e\000d\000\051}{section.2}% 32
\BOOKMARK [2][-]{subsection.2.4}{\376\377\000S\000t\000o\000c\000h\000a\000s\000t\000i\000c\000\040\000c\000a\000s\000e\000\040\000\050\000\040\000f\000l\000u\000c\000t\000u\000a\000t\000i\000n\000g\000\051}{section.2}% 33
\BOOKMARK [2][-]{subsection.2.5}{\376\377\000E\000v\000e\000r\000y\000\040\000s\000t\000a\000t\000e\000\040\000f\000l\000o\000w\000s\000\040\000t\000o\000w\000a\000r\000d\000\040\0001\0001\000\040\000u\000n\000d\000e\000r\000\040\000f\000l\000u\000c\000t\000u\000a\000t\000i\000n\000g\000\040}{section.2}% 34
\BOOKMARK [2][-]{subsection.2.6}{\376\377\000C\000o\000m\000p\000a\000r\000i\000s\000o\000n}{section.2}% 35
\BOOKMARK [1][-]{section.3}{\376\377\000S\000t\000a\000t\000i\000c\000\040\000P\000e\000r\000t\000u\000r\000b\000a\000t\000i\000o\000n\000\040\000a\000n\000a\000l\000y\000s\000i\000s\000\040\000o\000f\000\040\000l\000a\000r\000g\000e\000-\000s\000c\000a\000l\000e\000\040\000b\000i\000n\000a\000r\000y\000\040\000c\000e\000l\000l\000-\000f\000a\000t\000e\000\040\000d\000e\000c\000i\000s\000i\000o\000n\000\040\000n\000e\000t\000w\000o\000r\000k\000s}{}% 36
\BOOKMARK [2][-]{subsection.3.1}{\376\377\000S\000t\000a\000t\000i\000c\000\040\000E\000d\000g\000e\000-\000w\000e\000i\000g\000h\000t\000\040\000P\000e\000r\000t\000u\000r\000b\000a\000t\000i\000o\000n\000s}{section.3}% 37
\BOOKMARK [1][-]{section.4}{\376\377\000M\000e\000t\000h\000o\000d\000s}{}% 38
\BOOKMARK [2][-]{subsection.4.1}{\376\377\000J\000e\000n\000s\000e\000n\040\023\000S\000h\000a\000n\000n\000o\000n\000\040\000d\000i\000v\000e\000r\000g\000e\000n\000c\000e}{section.4}% 39
\BOOKMARK [1][-]{section.5}{\376\377\000F\000i\000t\000t\000i\000n\000g\000\040\000a\000n\000d\000\040\000e\000r\000r\000o\000r\000\040\000p\000r\000o\000p\000a\000g\000a\000t\000i\000o\000n}{}% 40
\BOOKMARK [2][-]{subsection.5.1}{\376\377\000S\000t\000a\000t\000i\000c\000\040\000e\000d\000g\000e\000\040\000w\000e\000i\000g\000h\000t\000\040\000p\000e\000r\000t\000u\000r\000b\000a\000t\000i\000o\000n}{section.5}% 41
\BOOKMARK [1][-]{section.6}{\376\377\000D\000i\000s\000t\000r\000i\000b\000u\000t\000i\000o\000n\000\040\000o\000f\000\040\000\040\000u\000n\000d\000e\000r\000\040\000a\000d\000d\000i\000t\000i\000v\000e\000\040\000n\000o\000i\000s\000e}{}% 42
\BOOKMARK [2][-]{subsubsection.6.0.1}{\376\377\000N\000o\000t\000a\000t\000i\000o\000n\000s}{section.6}% 43
\BOOKMARK [1][-]{section.7}{\376\377\000S\000u\000p\000p\000l\000e\000m\000e\000n\000t\000a\000r\000y\000\040\000F\000i\000g\000u\000r\000e\000s}{}% 44
\BOOKMARK [1][-]{section.8}{\376\377\000S\000u\000p\000p\000l\000e\000m\000e\000n\000t\000a\000r\000y\000\040\000T\000a\000b\000l\000e\000s}{}% 45
